Device: cuda  |  Data: /srv/storage/thoth1@storage4.grenoble.grid5000.fr/trmartin/copula-intra/data/pit_hyperplane_debug
[CopulaTabICLv2] d_model=64  d_icl=256  n_heads=4  s1=2/s2=2/s3=4  n_inducing=32  n_cls=4  p_max=20  d_max=8  rank=4  |  params=3,819,589
Params: 3,819,589  |  d_model=64  d_icl=256  n_s3=4
Episodes: 37430 train / 50 val
[     0]  mse=0.99814  div=0.0065  gate=0.269  H_norm=[b0=0.999 b1=0.999 b2=1.000 b3=0.999]  t=1s
[   500]  mse=0.06004  div=0.0018  gate=0.273  H_norm=[b0=0.998 b1=1.000 b2=1.000 b3=1.000]  t=50s
[  1000]  mse=0.05210  div=0.0016  gate=0.281  H_norm=[b0=0.960 b1=0.998 b2=0.999 b3=0.999]  t=100s
[  1500]  mse=0.05554  div=0.0012  gate=0.285  H_norm=[b0=0.958 b1=0.984 b2=0.994 b3=0.983]  t=150s
[  2000]  mse=0.04844  div=0.0025  gate=0.288  H_norm=[b0=0.967 b1=0.993 b2=0.993 b3=0.974]  t=200s
[  2500]  mse=0.04902  div=0.0021  gate=0.290  H_norm=[b0=0.941 b1=0.989 b2=0.991 b3=0.948]  t=250s
[  3000]  mse=0.04206  div=0.0022  gate=0.293  H_norm=[b0=0.937 b1=0.987 b2=0.986 b3=0.974]  t=300s
[  3500]  mse=0.03879  div=0.0020  gate=0.296  H_norm=[b0=0.868 b1=0.987 b2=0.978 b3=0.964]  t=350s
[  4000]  mse=0.04532  div=0.0019  gate=0.299  H_norm=[b0=0.888 b1=0.983 b2=0.979 b3=0.966]  t=400s
[  4500]  mse=0.03687  div=0.0021  gate=0.303  H_norm=[b0=0.856 b1=0.969 b2=0.972 b3=0.951]  t=450s
[  5000]  mse=0.03947  div=0.0025  gate=0.307  H_norm=[b0=0.758 b1=0.935 b2=0.967 b3=0.923]  t=500s
[  5500]  mse=0.03479  div=0.0033  gate=0.315  H_norm=[b0=0.752 b1=0.834 b2=0.915 b3=0.897]  t=550s
[  6000]  mse=0.03605  div=0.0040  gate=0.322  H_norm=[b0=0.784 b1=0.755 b2=0.869 b3=0.818]  t=600s
[  6500]  mse=0.03194  div=0.0050  gate=0.326  H_norm=[b0=0.850 b1=0.821 b2=0.869 b3=0.808]  t=650s
[  7000]  mse=0.03148  div=0.0044  gate=0.328  H_norm=[b0=0.854 b1=0.850 b2=0.891 b3=0.819]  t=700s
[  7500]  mse=0.03275  div=0.0046  gate=0.330  H_norm=[b0=0.864 b1=0.875 b2=0.902 b3=0.815]  t=750s
[  8000]  mse=0.03159  div=0.0049  gate=0.330  H_norm=[b0=0.858 b1=0.875 b2=0.889 b3=0.826]  t=800s
[  8500]  mse=0.03019  div=0.0047  gate=0.331  H_norm=[b0=0.871 b1=0.889 b2=0.892 b3=0.831]  t=850s
[  9000]  mse=0.03163  div=0.0050  gate=0.331  H_norm=[b0=0.869 b1=0.889 b2=0.892 b3=0.831]  t=900s
[  9500]  mse=0.03047  div=0.0048  gate=0.331  H_norm=[b0=0.871 b1=0.892 b2=0.891 b3=0.829]  t=950s

======================================================================
FINAL  mse=0.02598  r=0.602  slope=0.410  div=0.0045
Stage-3 attention entropy (H_norm):
  blk 0: 0.8705  [partial]
  blk 1: 0.8925  [partial]
  blk 2: 0.8922  [partial]
  blk 3: 0.8296  [partial]
ReZero: removed (standard pre-norm residuals)
ICL gate: 0.3313
======================================================================

Plot saved: /srv/storage/thoth1@storage4.grenoble.grid5000.fr/trmartin/copula-intra/debug/tabicl_v2_train_debug_fixed/training_diagnostics.png
Scatter saved: /srv/storage/thoth1@storage4.grenoble.grid5000.fr/trmartin/copula-intra/debug/tabicl_v2_train_debug_fixed/scatter.png
