Device: cuda  |  Data: /srv/storage/thoth1@storage4.grenoble.grid5000.fr/trmartin/copula-intra/data/pit_hyperplane_debug
[CopulaTabICLv2] d_model=64  d_icl=256  n_heads=4  s1=2/s2=2/s3=4  n_inducing=32  n_cls=4  p_max=20  d_max=8  rank=4  |  params=3,818,317
Params: 3,818,317  |  d_model=64  d_icl=256  n_s3=4
Episodes: 37430 train / 50 val
[     0]  mse=0.94593  div=0.0540  gate=0.269  H_norm=[b0=0.999 b1=0.998 b2=0.997 b3=0.999]  alpha_a=[0.0003 0.0003 -0.0003 0.0003]  alpha_f=[0.0003 -0.0003 0.0003 0.0003]  t=1s
[   500]  mse=0.05152  div=0.0555  gate=0.281  H_norm=[b0=1.000 b1=1.000 b2=1.000 b3=1.000]  alpha_a=[0.0004 -0.0006 0.0007 -0.0000]  alpha_f=[0.0000 0.0001 -0.0001 0.0001]  t=51s
[  1000]  mse=0.05001  div=0.0237  gate=0.292  H_norm=[b0=0.967 b1=0.975 b2=0.885 b3=1.000]  alpha_a=[-0.0052 0.0098 -0.0013 0.0001]  alpha_f=[0.0000 -0.0000 -0.0000 0.0000]  t=101s
[  1500]  mse=0.04720  div=0.0193  gate=0.293  H_norm=[b0=0.797 b1=0.974 b2=0.895 b3=1.000]  alpha_a=[-0.0104 0.0113 -0.0022 0.0000]  alpha_f=[-0.0000 0.0000 0.0000 -0.0000]  t=151s
[  2000]  mse=0.04950  div=0.0368  gate=0.295  H_norm=[b0=0.904 b1=0.993 b2=0.850 b3=1.000]  alpha_a=[-0.0135 0.0146 -0.0045 -0.0003]  alpha_f=[-0.0000 0.0000 -0.0000 0.0000]  t=202s
[  2500]  mse=0.05163  div=0.0259  gate=0.297  H_norm=[b0=0.937 b1=0.989 b2=0.842 b3=1.000]  alpha_a=[-0.0169 0.0197 -0.0032 0.0006]  alpha_f=[-0.0000 0.0000 0.0000 -0.0000]  t=252s
[  3000]  mse=0.05266  div=0.0307  gate=0.299  H_norm=[b0=0.933 b1=0.998 b2=0.846 b3=1.000]  alpha_a=[-0.0193 0.0221 -0.0035 0.0003]  alpha_f=[0.0000 0.0000 0.0000 -0.0000]  t=302s
[  3500]  mse=0.04860  div=0.0217  gate=0.300  H_norm=[b0=0.955 b1=0.995 b2=0.845 b3=1.000]  alpha_a=[-0.0215 0.0257 -0.0039 0.0001]  alpha_f=[0.0001 -0.0000 0.0000 0.0001]  t=353s
[  4000]  mse=0.05059  div=0.0144  gate=0.300  H_norm=[b0=0.966 b1=0.996 b2=0.843 b3=1.000]  alpha_a=[-0.0218 0.0266 -0.0042 0.0001]  alpha_f=[-0.0000 -0.0000 0.0000 -0.0000]  t=403s
[  4500]  mse=0.05249  div=0.0233  gate=0.300  H_norm=[b0=0.953 b1=0.996 b2=0.843 b3=1.000]  alpha_a=[-0.0226 0.0281 -0.0045 0.0001]  alpha_f=[0.0000 -0.0001 -0.0000 0.0000]  t=453s
[  5000]  mse=0.05433  div=0.0166  gate=0.301  H_norm=[b0=0.959 b1=0.996 b2=0.839 b3=1.000]  alpha_a=[-0.0244 0.0308 -0.0055 0.0000]  alpha_f=[0.0000 -0.0000 0.0000 -0.0000]  t=504s
[  5500]  mse=0.04746  div=0.0130  gate=0.301  H_norm=[b0=0.962 b1=0.996 b2=0.841 b3=1.000]  alpha_a=[-0.0247 0.0310 -0.0044 0.0002]  alpha_f=[-0.0000 0.0001 -0.0000 0.0001]  t=554s
[  6000]  mse=0.05000  div=0.0154  gate=0.301  H_norm=[b0=0.960 b1=0.995 b2=0.842 b3=1.000]  alpha_a=[-0.0248 0.0313 -0.0045 0.0000]  alpha_f=[0.0001 -0.0000 0.0001 -0.0000]  t=604s
[  6500]  mse=0.04634  div=0.0187  gate=0.302  H_norm=[b0=0.961 b1=0.994 b2=0.840 b3=1.000]  alpha_a=[-0.0250 0.0321 -0.0049 0.0002]  alpha_f=[-0.0000 -0.0000 -0.0001 -0.0000]  t=655s
[  7000]  mse=0.05365  div=0.0145  gate=0.301  H_norm=[b0=0.956 b1=0.995 b2=0.843 b3=1.000]  alpha_a=[-0.0248 0.0322 -0.0048 0.0004]  alpha_f=[-0.0001 -0.0000 -0.0000 -0.0000]  t=705s
[  7500]  mse=0.04932  div=0.0153  gate=0.302  H_norm=[b0=0.954 b1=0.995 b2=0.843 b3=1.000]  alpha_a=[-0.0250 0.0322 -0.0051 0.0001]  alpha_f=[-0.0001 0.0000 -0.0001 -0.0000]  t=755s
[  8000]  mse=0.04904  div=0.0133  gate=0.302  H_norm=[b0=0.957 b1=0.995 b2=0.843 b3=1.000]  alpha_a=[-0.0250 0.0324 -0.0052 0.0002]  alpha_f=[-0.0001 -0.0001 0.0000 -0.0000]  t=805s
[  8500]  mse=0.05154  div=0.0192  gate=0.302  H_norm=[b0=0.952 b1=0.996 b2=0.842 b3=1.000]  alpha_a=[-0.0253 0.0327 -0.0056 0.0008]  alpha_f=[-0.0000 -0.0000 0.0000 0.0000]  t=856s
[  9000]  mse=0.04558  div=0.0150  gate=0.302  H_norm=[b0=0.952 b1=0.996 b2=0.843 b3=1.000]  alpha_a=[-0.0254 0.0328 -0.0059 0.0020]  alpha_f=[-0.0001 -0.0000 -0.0001 0.0001]  t=906s
[  9500]  mse=0.04996  div=0.0141  gate=0.302  H_norm=[b0=0.953 b1=0.996 b2=0.843 b3=1.000]  alpha_a=[-0.0255 0.0330 -0.0060 0.0027]  alpha_f=[-0.0001 -0.0001 -0.0001 0.0000]  t=956s

======================================================================
FINAL  mse=0.03742  r=0.278  slope=0.055  div=0.0149
Stage-3 attention entropy (H_norm):
  blk 0: 0.9545  [COLLAPSED]
  blk 1: 0.9958  [COLLAPSED]
  blk 2: 0.8429  [partial]
  blk 3: 0.9999  [COLLAPSED]
ReZero alphas (attn / ffn):
  blk 0: alpha_attn=-0.02540  alpha_ffn=-0.00007
  blk 1: alpha_attn=0.03292  alpha_ffn=-0.00008
  blk 2: alpha_attn=-0.00601  alpha_ffn=-0.00010
  blk 3: alpha_attn=0.00287  alpha_ffn=0.00002
ICL gate: 0.3016
======================================================================

Plot saved: /srv/storage/thoth1@storage4.grenoble.grid5000.fr/trmartin/copula-intra/debug/tabicl_v2_train_debug/training_diagnostics.png
Scatter saved: /srv/storage/thoth1@storage4.grenoble.grid5000.fr/trmartin/copula-intra/debug/tabicl_v2_train_debug/scatter.png
