Device: cuda  |  Data: /srv/storage/thoth1@storage4.grenoble.grid5000.fr/trmartin/copula-intra/data/pit_hyperplane_debug
[CopulaTabICLv2] d_model=64  d_icl=256  n_heads=4  s1=2/s2=2/s3=4  n_inducing=32  n_cls=4  p_max=20  d_max=8  rank=4  |  params=3,819,589
Params: 3,819,589  |  d_model=64  d_icl=256  n_s3=4
Episodes: 37430 train / 50 val
Pre-loading 50 val episodes...
[     0]  mse=1.00071  div=0.0065  gate=0.500  H_norm=[b0=0.999 b1=0.999 b2=0.998 b3=1.000]  t=1s
[   500]  mse=0.05072  div=0.0026  gate=0.505  H_norm=[b0=0.963 b1=0.999 b2=1.000 b3=1.000]  t=110s
[  1000]  mse=0.04906  div=0.0027  gate=0.511  H_norm=[b0=0.945 b1=0.991 b2=0.998 b3=1.000]  t=219s
[  1500]  mse=0.05051  div=0.0024  gate=0.514  H_norm=[b0=0.952 b1=0.989 b2=0.998 b3=0.999]  t=328s
[  2000]  mse=0.04771  div=0.0031  gate=0.518  H_norm=[b0=0.944 b1=0.986 b2=0.994 b3=0.997]  t=437s
[val step=  2000]  copula=-0.1309  oracle_z=-0.7617  oracle_frac=0.8275  oas=-0.2592  knn5=6.0035  vs_knn5=-6.1344  energy=1.9369
[  2500]  mse=0.04239  div=0.0022  gate=0.523  H_norm=[b0=0.943 b1=0.991 b2=0.989 b3=0.995]  t=525s
[  3000]  mse=0.04650  div=0.0021  gate=0.528  H_norm=[b0=0.852 b1=0.975 b2=0.988 b3=0.994]  t=589s
[  3500]  mse=0.04389  div=0.0030  gate=0.538  H_norm=[b0=0.767 b1=0.938 b2=0.972 b3=0.993]  t=653s
[  4000]  mse=0.03748  div=0.0031  gate=0.555  H_norm=[b0=0.717 b1=0.831 b2=0.968 b3=0.990]  t=718s
[val step=  4000]  copula=-0.3485  oracle_z=-0.7617  oracle_frac=0.5373  oas=-0.2592  knn5=6.0035  vs_knn5=-6.3520  energy=1.9358
[  4500]  mse=0.03530  div=0.0032  gate=0.577  H_norm=[b0=0.785 b1=0.721 b2=0.926 b3=0.946]  t=799s
[  5000]  mse=0.03300  div=0.0032  gate=0.590  H_norm=[b0=0.855 b1=0.839 b2=0.909 b3=0.924]  t=863s
[  5500]  mse=0.03240  div=0.0030  gate=0.599  H_norm=[b0=0.863 b1=0.820 b2=0.912 b3=0.946]  t=928s
[  6000]  mse=0.03496  div=0.0030  gate=0.606  H_norm=[b0=0.865 b1=0.847 b2=0.893 b3=0.922]  t=992s
[val step=  6000]  copula=-0.4131  oracle_z=-0.7617  oracle_frac=0.4516  oas=-0.2592  knn5=6.0035  vs_knn5=-6.4166  energy=1.9361
[  6500]  mse=0.03363  div=0.0030  gate=0.612  H_norm=[b0=0.885 b1=0.802 b2=0.866 b3=0.895]  t=1071s
[  7000]  mse=0.03269  div=0.0031  gate=0.617  H_norm=[b0=0.849 b1=0.811 b2=0.831 b3=0.880]  t=1135s
[  7500]  mse=0.02791  div=0.0031  gate=0.621  H_norm=[b0=0.861 b1=0.741 b2=0.822 b3=0.889]  t=1200s
[  8000]  mse=0.03086  div=0.0039  gate=0.625  H_norm=[b0=0.860 b1=0.787 b2=0.849 b3=0.900]  t=1264s
[val step=  8000]  copula=-0.4349  oracle_z=-0.7617  oracle_frac=0.4224  oas=-0.2592  knn5=6.0035  vs_knn5=-6.4384  energy=1.9369
[  8500]  mse=0.03514  div=0.0056  gate=0.628  H_norm=[b0=0.845 b1=0.780 b2=0.845 b3=0.892]  t=1343s
[  9000]  mse=0.02477  div=0.0701  gate=0.633  H_norm=[b0=0.886 b1=0.873 b2=0.848 b3=0.836]  t=1407s
[  9500]  mse=0.02183  div=0.0780  gate=0.636  H_norm=[b0=0.889 b1=0.888 b2=0.886 b3=0.852]  t=1472s
[ 10000]  mse=0.02198  div=0.0789  gate=0.638  H_norm=[b0=0.886 b1=0.863 b2=0.865 b3=0.867]  t=1536s
[val step= 10000]  copula=-0.5461  oracle_z=-0.7617  oracle_frac=0.2774  oas=-0.2592  knn5=6.0035  vs_knn5=-6.5496  energy=1.9347
[ 10500]  mse=0.02081  div=0.0827  gate=0.640  H_norm=[b0=0.907 b1=0.870 b2=0.890 b3=0.858]  t=1615s
[ 11000]  mse=0.02185  div=0.0941  gate=0.641  H_norm=[b0=0.889 b1=0.850 b2=0.876 b3=0.847]  t=1679s
[ 11500]  mse=0.01957  div=0.0884  gate=0.642  H_norm=[b0=0.901 b1=0.866 b2=0.888 b3=0.856]  t=1744s
[ 12000]  mse=0.02335  div=0.0890  gate=0.642  H_norm=[b0=0.908 b1=0.878 b2=0.903 b3=0.859]  t=1808s
[val step= 12000]  copula=-0.5158  oracle_z=-0.7617  oracle_frac=0.3171  oas=-0.2592  knn5=6.0035  vs_knn5=-6.5193  energy=1.9361
[ 12500]  mse=0.01713  div=0.0905  gate=0.643  H_norm=[b0=0.910 b1=0.878 b2=0.901 b3=0.859]  t=1887s
[ 13000]  mse=0.01967  div=0.0943  gate=0.643  H_norm=[b0=0.910 b1=0.879 b2=0.901 b3=0.865]  t=1951s
[ 13500]  mse=0.01801  div=0.0921  gate=0.643  H_norm=[b0=0.910 b1=0.875 b2=0.900 b3=0.868]  t=2015s
[ 14000]  mse=0.01943  div=0.0923  gate=0.643  H_norm=[b0=0.906 b1=0.870 b2=0.895 b3=0.869]  t=2080s
[val step= 14000]  copula=-0.4914  oracle_z=-0.7617  oracle_frac=0.3498  oas=-0.2592  knn5=6.0035  vs_knn5=-6.4949  energy=1.9344
[ 14500]  mse=0.02010  div=0.0900  gate=0.643  H_norm=[b0=0.908 b1=0.872 b2=0.897 b3=0.868]  t=2159s
