Device : cuda
model:
  name: icl_corr_net_v2
  d_hidden: 256
  n_heads: 8
  n_layers: 6
  p_max: 20
  d_max: 8
  rank: 8
  dropout: 0.0
data:
  p_range:
  - 20
  - 20
  d_range:
  - 8
  - 8
  n_train_range:
  - 256
  - 256
  n_test_range:
  - 16
  - 16
  r_data: 8
  mlp_hidden: 64
  diag_alpha: 0.5
  fixed_cov: false
  fixed_cov_n_anchors: 4
  cov_type: kernel
  num_anchors: 2
  anchor_temp: 1.0
  kernel_type: random
  kernel_latent_dim: 1
  kernel_nugget: 0.0001
  hyperplane_bimodal: false
  hyperplane_bimodal_scale_lo: 0.3
  hyperplane_bimodal_scale_hi: 3.0
seed: 42
training:
  device: auto
  batch_size: 16
  steps: 100000
  lr: 0.0003
  lr_min: 1.0e-08
  warmup_steps: 200
  weight_decay: 0.0001
  clip_grad_norm: 1.0
  gradient_accumulation_steps: 1
  nll_weight: 0.0
  aux_mse_weight: 1.0
  aux_mse_anneal_frac: 10.0
  log_every: 100
  val_every: 500
  plot_every: 500
  save_every: 5000
  ckpt_dir: ./checkpoints/icl_corr_net_v2_hyperplane
  resume_from: null
  reset_icl_gate: false
  dataset_dir: ./data/pit_hyperplane_debug
  val_n_episodes: 50
  compile: false
dataset:
  n_episodes: 100000
  output_dir: ./data/pit_episodes_kernel_d4_n_train_256
  resume: true
  batch_size: 16
  episodes_per_step: 32
  num_workers: 2
  k_folds: 3
tabicl:
  ckpt: tabicl-regressor-v2-20260212.ckpt
  pit_batch_size: 256
  pit_eps: 1.0e-06
attn_copula:
  m: 64
  n_heads: 4
  n_layers: 2
  dropout: 0.15
  weight_decay: 0.005
  alpha: 3.0
  lambda_min: 0.0001
  lambda_max: 0.9
  include_outer: true
  steps: 5000
  lr: 0.001
  lr_min: 1.0e-06
  warmup_steps: 200
  clip_grad: 1.0
  val_every: 100
  patience: 500

AMP enabled  dtype=torch.bfloat16  cudnn.benchmark=True
[ICLCorrNetV2]  d_hidden=256  n_heads=8  n_layers=6  p_max=20  d_max=8  rank=8  dropout=0.0  |  params=4,992,065
Model parameters : 4,992,065
wandb: [wandb.login()] Loaded credentials for https://api.wandb.ai from /home/trmartin/.netrc.
wandb: Currently logged in as: tristanmartin22400 (iliass-lasri-team) to https://api.wandb.ai. Use `wandb login --relogin` to force relogin
wandb: setting up run 3otx1bux
wandb: Tracking run with wandb version 0.25.1
wandb: Run data is saved locally in /srv/storage/thoth1@storage4.grenoble.grid5000.fr/trmartin/copula-intra/wandb/run-20260601_175658-3otx1bux
wandb: Run `wandb offline` to turn off syncing.
wandb: Syncing run icl_corr_net_v2_lr=3e-4_steps=100000_dh=256_L=6_H=8_r=8_nllw=0.0_auxw=1.0_data=pit_hyperplane_debug
wandb: ⭐️ View project at https://wandb.ai/iliass-lasri-team/multivariate-tab-icl
wandb: 🚀 View run at https://wandb.ai/iliass-lasri-team/multivariate-tab-icl/runs/3otx1bux
W&B run : https://wandb.ai/iliass-lasri-team/multivariate-tab-icl/runs/3otx1bux
No resume_from specified, training from scratch.
Dataset split: 37430 train / 50 val episodes
Loading 50 validation episodes …
Validation episodes loaded.
[step      0]  mse=0.10359  div=0.5245  copula=-10.8209  gain=10.8209  alpha=1.000  lr=1.50e-06  elapsed=2.5s
[val step=     0]  copula=1.2869  joint_y=11.6153  oracle_y=7.8208  oracle_z=-0.7617  train=1.2682  gain=-1.2869  oas=-0.2592  knn5=6.0035  vs_knn5=-4.7166  oracle_frac=2.7311
/srv/storage/thoth1@storage4.grenoble.grid5000.fr/trmartin/copula-intra/src/train.py:206: UserWarning: This figure includes Axes that are not compatible with tight_layout, so results might be incorrect.
  fig.tight_layout()
[2026-06-01 17:57:52,564][root][WARNING] - Images sizes do not match. This will causes images to be display incorrectly in the UI.
[step    100]  mse=0.04979  div=0.0034  copula=-11.4018  gain=11.4018  alpha=1.000  lr=1.52e-04  elapsed=57.6s
[step    200]  mse=0.05653  div=0.0014  copula=-11.0705  gain=11.0705  alpha=1.000  lr=3.00e-04  elapsed=62.4s
[step    300]  mse=0.05615  div=0.0008  copula=-11.3262  gain=11.3262  alpha=1.000  lr=3.00e-04  elapsed=67.0s
[step    400]  mse=0.06102  div=0.0002  copula=-11.6712  gain=11.6712  alpha=1.000  lr=3.00e-04  elapsed=71.6s
[step    500]  mse=0.05046  div=0.0001  copula=-11.0932  gain=11.0932  alpha=1.000  lr=3.00e-04  elapsed=76.3s
[val step=   500]  copula=0.0005  joint_y=10.3290  oracle_y=7.8208  oracle_z=-0.7617  train=0.0009  gain=-0.0005  oas=-0.2592  knn5=6.0035  vs_knn5=-6.0030  oracle_frac=1.0009
/srv/storage/thoth1@storage4.grenoble.grid5000.fr/trmartin/copula-intra/src/train.py:206: UserWarning: This figure includes Axes that are not compatible with tight_layout, so results might be incorrect.
  fig.tight_layout()
[2026-06-01 17:59:05,922][root][WARNING] - Images sizes do not match. This will causes images to be display incorrectly in the UI.
[step    600]  mse=0.04646  div=0.0002  copula=-11.3222  gain=11.3222  alpha=0.999  lr=3.00e-04  elapsed=131.1s
[step    700]  mse=0.05216  div=0.0001  copula=-11.2298  gain=11.2298  alpha=0.999  lr=3.00e-04  elapsed=136.0s
[step    800]  mse=0.04135  div=0.0051  copula=-11.3551  gain=11.3551  alpha=0.999  lr=3.00e-04  elapsed=140.9s
[step    900]  mse=0.03918  div=0.0080  copula=-11.1718  gain=11.1718  alpha=0.999  lr=3.00e-04  elapsed=145.6s
[step   1000]  mse=0.03517  div=0.0062  copula=-11.2793  gain=11.2793  alpha=0.999  lr=3.00e-04  elapsed=150.3s
[val step=  1000]  copula=-0.4268  joint_y=9.9016  oracle_y=7.8208  oracle_z=-0.7617  train=-0.4447  gain=0.4268  oas=-0.2592  knn5=6.0035  vs_knn5=-6.4304  oracle_frac=0.4326
/srv/storage/thoth1@storage4.grenoble.grid5000.fr/trmartin/copula-intra/src/train.py:206: UserWarning: This figure includes Axes that are not compatible with tight_layout, so results might be incorrect.
  fig.tight_layout()
[2026-06-01 18:00:19,489][root][WARNING] - Images sizes do not match. This will causes images to be display incorrectly in the UI.
[step   1100]  mse=0.03257  div=0.0040  copula=-11.1538  gain=11.1538  alpha=0.999  lr=3.00e-04  elapsed=204.3s
[step   1200]  mse=0.02946  div=0.0036  copula=-11.3163  gain=11.3163  alpha=0.999  lr=3.00e-04  elapsed=209.2s
[step   1300]  mse=0.03099  div=0.0033  copula=-11.4848  gain=11.4848  alpha=0.999  lr=3.00e-04  elapsed=214.0s
[step   1400]  mse=0.02834  div=0.0032  copula=-11.5491  gain=11.5491  alpha=0.999  lr=3.00e-04  elapsed=218.8s
[step   1500]  mse=0.02827  div=0.0025  copula=-11.1360  gain=11.1360  alpha=0.999  lr=3.00e-04  elapsed=223.8s
[val step=  1500]  copula=-0.5056  joint_y=9.8229  oracle_y=7.8208  oracle_z=-0.7617  train=-0.5150  gain=0.5056  oas=-0.2592  knn5=6.0035  vs_knn5=-6.5091  oracle_frac=0.3275
/srv/storage/thoth1@storage4.grenoble.grid5000.fr/trmartin/copula-intra/src/train.py:206: UserWarning: This figure includes Axes that are not compatible with tight_layout, so results might be incorrect.
  fig.tight_layout()
[2026-06-01 18:00:57,090][root][WARNING] - Images sizes do not match. This will causes images to be display incorrectly in the UI.
[step   1600]  mse=0.02893  div=0.0022  copula=-11.5932  gain=11.5932  alpha=0.998  lr=3.00e-04  elapsed=241.2s
[step   1700]  mse=0.02850  div=0.0020  copula=-11.1229  gain=11.1229  alpha=0.998  lr=3.00e-04  elapsed=245.9s
[step   1800]  mse=0.02811  div=0.0018  copula=-11.7809  gain=11.7809  alpha=0.998  lr=3.00e-04  elapsed=250.7s
[step   1900]  mse=0.02826  div=0.0017  copula=-11.1952  gain=11.1952  alpha=0.998  lr=3.00e-04  elapsed=255.6s
[step   2000]  mse=0.03096  div=0.0016  copula=-10.9408  gain=10.9408  alpha=0.998  lr=3.00e-04  elapsed=260.5s
[val step=  2000]  copula=-0.5395  joint_y=9.7889  oracle_y=7.8208  oracle_z=-0.7617  train=-0.5575  gain=0.5395  oas=-0.2592  knn5=6.0035  vs_knn5=-6.5431  oracle_frac=0.2814
/srv/storage/thoth1@storage4.grenoble.grid5000.fr/trmartin/copula-intra/src/train.py:206: UserWarning: This figure includes Axes that are not compatible with tight_layout, so results might be incorrect.
  fig.tight_layout()
[2026-06-01 18:02:10,723][root][WARNING] - Images sizes do not match. This will causes images to be display incorrectly in the UI.
[step   2100]  mse=0.02791  div=0.0016  copula=-11.3135  gain=11.3135  alpha=0.998  lr=3.00e-04  elapsed=315.8s
[step   2200]  mse=0.02919  div=0.0014  copula=-11.6813  gain=11.6813  alpha=0.998  lr=3.00e-04  elapsed=320.4s
[step   2300]  mse=0.02849  div=0.0015  copula=-11.2216  gain=11.2216  alpha=0.998  lr=3.00e-04  elapsed=325.4s
[step   2400]  mse=0.02866  div=0.0016  copula=-11.2248  gain=11.2248  alpha=0.998  lr=3.00e-04  elapsed=330.3s
[step   2500]  mse=0.02958  div=0.0015  copula=-11.5125  gain=11.5125  alpha=0.998  lr=3.00e-04  elapsed=335.1s
[val step=  2500]  copula=-0.5500  joint_y=9.7784  oracle_y=7.8208  oracle_z=-0.7617  train=-0.5551  gain=0.5500  oas=-0.2592  knn5=6.0035  vs_knn5=-6.5536  oracle_frac=0.2677
/srv/storage/thoth1@storage4.grenoble.grid5000.fr/trmartin/copula-intra/src/train.py:206: UserWarning: This figure includes Axes that are not compatible with tight_layout, so results might be incorrect.
  fig.tight_layout()
[2026-06-01 18:03:24,061][root][WARNING] - Images sizes do not match. This will causes images to be display incorrectly in the UI.
[step   2600]  mse=0.02879  div=0.0016  copula=-11.2608  gain=11.2608  alpha=0.997  lr=3.00e-04  elapsed=389.2s
[step   2700]  mse=0.02740  div=0.0039  copula=-11.1561  gain=11.1561  alpha=0.997  lr=3.00e-04  elapsed=394.0s
[step   2800]  mse=0.02805  div=0.0107  copula=-11.4245  gain=11.4245  alpha=0.997  lr=2.99e-04  elapsed=398.9s
[step   2900]  mse=0.02623  div=0.0230  copula=-11.2346  gain=11.2346  alpha=0.997  lr=2.99e-04  elapsed=403.6s
[step   3000]  mse=0.02366  div=0.0476  copula=-11.2344  gain=11.2344  alpha=0.997  lr=2.99e-04  elapsed=408.5s
[val step=  3000]  copula=-0.5154  joint_y=9.8131  oracle_y=7.8208  oracle_z=-0.7617  train=-0.5072  gain=0.5154  oas=-0.2592  knn5=6.0035  vs_knn5=-6.5189  oracle_frac=0.3135
/srv/storage/thoth1@storage4.grenoble.grid5000.fr/trmartin/copula-intra/src/train.py:206: UserWarning: This figure includes Axes that are not compatible with tight_layout, so results might be incorrect.
  fig.tight_layout()
[2026-06-01 18:04:38,340][root][WARNING] - Images sizes do not match. This will causes images to be display incorrectly in the UI.
[step   3100]  mse=0.02260  div=0.0532  copula=-11.2873  gain=11.2873  alpha=0.997  lr=2.99e-04  elapsed=463.5s
[step   3200]  mse=0.02143  div=0.0697  copula=-11.0313  gain=11.0313  alpha=0.997  lr=2.99e-04  elapsed=468.3s
[step   3300]  mse=0.02146  div=0.0876  copula=-11.2637  gain=11.2637  alpha=0.997  lr=2.99e-04  elapsed=473.2s
[step   3400]  mse=0.02304  div=0.0898  copula=-11.7634  gain=11.7634  alpha=0.997  lr=2.99e-04  elapsed=478.2s
[step   3500]  mse=0.02338  div=0.0718  copula=-11.2612  gain=11.2612  alpha=0.997  lr=2.99e-04  elapsed=483.1s
[val step=  3500]  copula=-0.5910  joint_y=9.7375  oracle_y=7.8208  oracle_z=-0.7617  train=-0.5839  gain=0.5910  oas=-0.2592  knn5=6.0035  vs_knn5=-6.5945  oracle_frac=0.2148
/srv/storage/thoth1@storage4.grenoble.grid5000.fr/trmartin/copula-intra/src/train.py:206: UserWarning: This figure includes Axes that are not compatible with tight_layout, so results might be incorrect.
  fig.tight_layout()
[2026-06-01 18:05:28,467][root][WARNING] - Images sizes do not match. This will causes images to be display incorrectly in the UI.
[step   3600]  mse=0.02277  div=0.0847  copula=-11.4098  gain=11.4098  alpha=0.996  lr=2.99e-04  elapsed=512.4s
[step   3700]  mse=0.02349  div=0.1237  copula=-11.3873  gain=11.3873  alpha=0.996  lr=2.99e-04  elapsed=516.8s
[step   3800]  mse=0.01956  div=0.0893  copula=-11.3511  gain=11.3511  alpha=0.996  lr=2.99e-04  elapsed=521.6s
[step   3900]  mse=0.02166  div=0.0989  copula=-11.5173  gain=11.5173  alpha=0.996  lr=2.99e-04  elapsed=526.5s
[step   4000]  mse=0.01881  div=0.1069  copula=-11.2625  gain=11.2625  alpha=0.996  lr=2.99e-04  elapsed=531.2s
[val step=  4000]  copula=-0.6014  joint_y=9.7271  oracle_y=7.8208  oracle_z=-0.7617  train=-0.5848  gain=0.6014  oas=-0.2592  knn5=6.0035  vs_knn5=-6.6049  oracle_frac=0.2031
/srv/storage/thoth1@storage4.grenoble.grid5000.fr/trmartin/copula-intra/src/train.py:206: UserWarning: This figure includes Axes that are not compatible with tight_layout, so results might be incorrect.
  fig.tight_layout()
[2026-06-01 18:06:41,026][root][WARNING] - Images sizes do not match. This will causes images to be display incorrectly in the UI.
[step   4100]  mse=0.02121  div=0.1280  copula=-12.0260  gain=12.0260  alpha=0.996  lr=2.99e-04  elapsed=586.0s
[step   4200]  mse=0.02201  div=0.1254  copula=-11.6396  gain=11.6396  alpha=0.996  lr=2.99e-04  elapsed=591.0s
[step   4300]  mse=0.02062  div=0.0929  copula=-12.0285  gain=12.0285  alpha=0.996  lr=2.99e-04  elapsed=595.9s
[step   4400]  mse=0.01595  div=0.1218  copula=-11.2279  gain=11.2279  alpha=0.996  lr=2.99e-04  elapsed=600.9s
[step   4500]  mse=0.01826  div=0.1216  copula=-11.3603  gain=11.3603  alpha=0.996  lr=2.99e-04  elapsed=605.7s
[val step=  4500]  copula=-0.6498  joint_y=9.6787  oracle_y=7.8208  oracle_z=-0.7617  train=-0.6104  gain=0.6498  oas=-0.2592  knn5=6.0035  vs_knn5=-6.6533  oracle_frac=0.1347
/srv/storage/thoth1@storage4.grenoble.grid5000.fr/trmartin/copula-intra/src/train.py:206: UserWarning: This figure includes Axes that are not compatible with tight_layout, so results might be incorrect.
  fig.tight_layout()
[2026-06-01 18:07:54,461][root][WARNING] - Images sizes do not match. This will causes images to be display incorrectly in the UI.
[step   4600]  mse=0.01940  div=0.1095  copula=-11.4714  gain=11.4714  alpha=0.995  lr=2.99e-04  elapsed=659.3s
[step   4700]  mse=0.01610  div=0.1399  copula=-11.2780  gain=11.2780  alpha=0.995  lr=2.98e-04  elapsed=664.0s
[step   4800]  mse=0.01833  div=0.1158  copula=-11.5542  gain=11.5542  alpha=0.995  lr=2.98e-04  elapsed=668.7s
[step   4900]  mse=0.01718  div=0.1180  copula=-11.9950  gain=11.9950  alpha=0.995  lr=2.98e-04  elapsed=673.3s
[step   5000]  mse=0.01759  div=0.1430  copula=-11.5691  gain=11.5691  alpha=0.995  lr=2.98e-04  elapsed=677.9s
[val step=  5000]  copula=-0.6517  joint_y=9.6768  oracle_y=7.8208  oracle_z=-0.7617  train=-0.6302  gain=0.6517  oas=-0.2592  knn5=6.0035  vs_knn5=-6.6552  oracle_frac=0.1341
/srv/storage/thoth1@storage4.grenoble.grid5000.fr/trmartin/copula-intra/src/train.py:206: UserWarning: This figure includes Axes that are not compatible with tight_layout, so results might be incorrect.
  fig.tight_layout()
[2026-06-01 18:09:07,944][root][WARNING] - Images sizes do not match. This will causes images to be display incorrectly in the UI.
Saved checkpoint → ./checkpoints/icl_corr_net_v2_hyperplane/step_0005000.pt
[step   5100]  mse=0.01973  div=0.1320  copula=-11.3434  gain=11.3434  alpha=0.995  lr=2.98e-04  elapsed=733.4s
[step   5200]  mse=0.01848  div=0.1179  copula=-11.5523  gain=11.5523  alpha=0.995  lr=2.98e-04  elapsed=738.2s
[step   5300]  mse=0.01953  div=0.1197  copula=-11.1737  gain=11.1737  alpha=0.995  lr=2.98e-04  elapsed=742.9s
[step   5400]  mse=0.01775  div=0.1429  copula=-11.3171  gain=11.3171  alpha=0.995  lr=2.98e-04  elapsed=747.7s
[step   5500]  mse=0.01682  div=0.1194  copula=-10.9718  gain=10.9718  alpha=0.995  lr=2.98e-04  elapsed=752.4s
[val step=  5500]  copula=-0.6346  joint_y=9.6938  oracle_y=7.8208  oracle_z=-0.7617  train=-0.5950  gain=0.6346  oas=-0.2592  knn5=6.0035  vs_knn5=-6.6381  oracle_frac=0.1578
/srv/storage/thoth1@storage4.grenoble.grid5000.fr/trmartin/copula-intra/src/train.py:206: UserWarning: This figure includes Axes that are not compatible with tight_layout, so results might be incorrect.
  fig.tight_layout()
[2026-06-01 18:10:00,263][root][WARNING] - Images sizes do not match. This will causes images to be display incorrectly in the UI.
[step   5600]  mse=0.01717  div=0.1296  copula=-11.4345  gain=11.4345  alpha=0.994  lr=2.98e-04  elapsed=784.5s
[step   5700]  mse=0.02025  div=0.1153  copula=-11.4557  gain=11.4557  alpha=0.994  lr=2.98e-04  elapsed=789.0s
[step   5800]  mse=0.01606  div=0.1099  copula=-11.3868  gain=11.3868  alpha=0.994  lr=2.98e-04  elapsed=793.8s
[step   5900]  mse=0.01827  div=0.1303  copula=-10.9860  gain=10.9860  alpha=0.994  lr=2.98e-04  elapsed=798.6s
[step   6000]  mse=0.01989  div=0.1520  copula=-11.2344  gain=11.2344  alpha=0.994  lr=2.98e-04  elapsed=803.3s
[val step=  6000]  copula=-0.6437  joint_y=9.6847  oracle_y=7.8208  oracle_z=-0.7617  train=-0.6109  gain=0.6437  oas=-0.2592  knn5=6.0035  vs_knn5=-6.6472  oracle_frac=0.1471
/srv/storage/thoth1@storage4.grenoble.grid5000.fr/trmartin/copula-intra/src/train.py:206: UserWarning: This figure includes Axes that are not compatible with tight_layout, so results might be incorrect.
  fig.tight_layout()
[2026-06-01 18:11:12,823][root][WARNING] - Images sizes do not match. This will causes images to be display incorrectly in the UI.
[step   6100]  mse=0.01679  div=0.1073  copula=-11.1384  gain=11.1384  alpha=0.994  lr=2.97e-04  elapsed=857.9s
[step   6200]  mse=0.01803  div=0.1395  copula=-11.6749  gain=11.6749  alpha=0.994  lr=2.97e-04  elapsed=862.7s
[step   6300]  mse=0.01651  div=0.1263  copula=-11.3708  gain=11.3708  alpha=0.994  lr=2.97e-04  elapsed=867.6s
[step   6400]  mse=0.01807  div=0.1260  copula=-11.3759  gain=11.3759  alpha=0.994  lr=2.97e-04  elapsed=872.5s
[step   6500]  mse=0.01711  div=0.1447  copula=-11.3982  gain=11.3982  alpha=0.994  lr=2.97e-04  elapsed=877.4s
[val step=  6500]  copula=-0.6383  joint_y=9.6901  oracle_y=7.8208  oracle_z=-0.7617  train=-0.6044  gain=0.6383  oas=-0.2592  knn5=6.0035  vs_knn5=-6.6418  oracle_frac=0.1532
/srv/storage/thoth1@storage4.grenoble.grid5000.fr/trmartin/copula-intra/src/train.py:206: UserWarning: This figure includes Axes that are not compatible with tight_layout, so results might be incorrect.
  fig.tight_layout()
[2026-06-01 18:12:27,367][root][WARNING] - Images sizes do not match. This will causes images to be display incorrectly in the UI.
[step   6600]  mse=0.01756  div=0.1285  copula=-11.4448  gain=11.4448  alpha=0.993  lr=2.97e-04  elapsed=932.2s
[step   6700]  mse=0.01542  div=0.1426  copula=-10.9169  gain=10.9169  alpha=0.993  lr=2.97e-04  elapsed=936.9s
[step   6800]  mse=0.01708  div=0.1490  copula=-11.4733  gain=11.4733  alpha=0.993  lr=2.97e-04  elapsed=941.6s
[step   6900]  mse=0.01896  div=0.1208  copula=-11.2767  gain=11.2767  alpha=0.993  lr=2.97e-04  elapsed=946.5s
[step   7000]  mse=0.01843  div=0.1397  copula=-11.3976  gain=11.3976  alpha=0.993  lr=2.97e-04  elapsed=951.3s
[val step=  7000]  copula=-0.6416  joint_y=9.6869  oracle_y=7.8208  oracle_z=-0.7617  train=-0.6146  gain=0.6416  oas=-0.2592  knn5=6.0035  vs_knn5=-6.6451  oracle_frac=0.1488
/srv/storage/thoth1@storage4.grenoble.grid5000.fr/trmartin/copula-intra/src/train.py:206: UserWarning: This figure includes Axes that are not compatible with tight_layout, so results might be incorrect.
  fig.tight_layout()
[2026-06-01 18:13:40,538][root][WARNING] - Images sizes do not match. This will causes images to be display incorrectly in the UI.
[step   7100]  mse=0.01874  div=0.1286  copula=-11.4671  gain=11.4671  alpha=0.993  lr=2.96e-04  elapsed=1005.3s
[step   7200]  mse=0.01791  div=0.1252  copula=-11.3611  gain=11.3611  alpha=0.993  lr=2.96e-04  elapsed=1010.2s
[step   7300]  mse=0.01612  div=0.1306  copula=-11.4956  gain=11.4956  alpha=0.993  lr=2.96e-04  elapsed=1015.2s
[step   7400]  mse=0.01812  div=0.1499  copula=-11.4745  gain=11.4745  alpha=0.993  lr=2.96e-04  elapsed=1020.1s
[step   7500]  mse=0.01840  div=0.1370  copula=-11.0742  gain=11.0742  alpha=0.993  lr=2.96e-04  elapsed=1025.0s
[val step=  7500]  copula=-0.6401  joint_y=9.6883  oracle_y=7.8208  oracle_z=-0.7617  train=-0.6045  gain=0.6401  oas=-0.2592  knn5=6.0035  vs_knn5=-6.6437  oracle_frac=0.1498
/srv/storage/thoth1@storage4.grenoble.grid5000.fr/trmartin/copula-intra/src/train.py:206: UserWarning: This figure includes Axes that are not compatible with tight_layout, so results might be incorrect.
  fig.tight_layout()
[2026-06-01 18:14:32,225][root][WARNING] - Images sizes do not match. This will causes images to be display incorrectly in the UI.
[step   7600]  mse=0.01605  div=0.1457  copula=-11.2296  gain=11.2296  alpha=0.992  lr=2.96e-04  elapsed=1056.4s
[step   7700]  mse=0.01802  div=0.1396  copula=-11.3665  gain=11.3665  alpha=0.992  lr=2.96e-04  elapsed=1060.9s
[step   7800]  mse=0.01676  div=0.1646  copula=-11.2110  gain=11.2110  alpha=0.992  lr=2.96e-04  elapsed=1065.5s
[step   7900]  mse=0.01645  div=0.1515  copula=-11.4344  gain=11.4344  alpha=0.992  lr=2.96e-04  elapsed=1070.1s
[step   8000]  mse=0.01646  div=0.1341  copula=-11.3393  gain=11.3393  alpha=0.992  lr=2.96e-04  elapsed=1074.7s
[val step=  8000]  copula=-0.6568  joint_y=9.6717  oracle_y=7.8208  oracle_z=-0.7617  train=-0.6097  gain=0.6568  oas=-0.2592  knn5=6.0035  vs_knn5=-6.6603  oracle_frac=0.1286
/srv/storage/thoth1@storage4.grenoble.grid5000.fr/trmartin/copula-intra/src/train.py:206: UserWarning: This figure includes Axes that are not compatible with tight_layout, so results might be incorrect.
  fig.tight_layout()
[2026-06-01 18:15:43,824][root][WARNING] - Images sizes do not match. This will causes images to be display incorrectly in the UI.
[step   8100]  mse=0.01595  div=0.1449  copula=-11.4180  gain=11.4180  alpha=0.992  lr=2.95e-04  elapsed=1128.9s
[step   8200]  mse=0.01517  div=0.1300  copula=-10.9026  gain=10.9026  alpha=0.992  lr=2.95e-04  elapsed=1133.7s
[step   8300]  mse=0.01341  div=0.1451  copula=-11.2659  gain=11.2659  alpha=0.992  lr=2.95e-04  elapsed=1138.6s
[step   8400]  mse=0.01703  div=0.1391  copula=-11.5877  gain=11.5877  alpha=0.992  lr=2.95e-04  elapsed=1143.5s
[step   8500]  mse=0.01691  div=0.1414  copula=-11.2879  gain=11.2879  alpha=0.992  lr=2.95e-04  elapsed=1148.1s
[val step=  8500]  copula=-0.6518  joint_y=9.6767  oracle_y=7.8208  oracle_z=-0.7617  train=-0.6224  gain=0.6518  oas=-0.2592  knn5=6.0035  vs_knn5=-6.6553  oracle_frac=0.1350
/srv/storage/thoth1@storage4.grenoble.grid5000.fr/trmartin/copula-intra/src/train.py:206: UserWarning: This figure includes Axes that are not compatible with tight_layout, so results might be incorrect.
  fig.tight_layout()
[2026-06-01 18:16:57,510][root][WARNING] - Images sizes do not match. This will causes images to be display incorrectly in the UI.
[step   8600]  mse=0.01834  div=0.1499  copula=-11.3467  gain=11.3467  alpha=0.991  lr=2.95e-04  elapsed=1202.6s
[step   8700]  mse=0.01666  div=0.1279  copula=-11.0727  gain=11.0727  alpha=0.991  lr=2.95e-04  elapsed=1207.4s
[step   8800]  mse=0.01500  div=0.1672  copula=-10.9687  gain=10.9687  alpha=0.991  lr=2.95e-04  elapsed=1212.1s
[step   8900]  mse=0.01509  div=0.1792  copula=-11.2859  gain=11.2859  alpha=0.991  lr=2.94e-04  elapsed=1216.9s
[step   9000]  mse=0.01694  div=0.1199  copula=-11.5176  gain=11.5176  alpha=0.991  lr=2.94e-04  elapsed=1221.6s
[val step=  9000]  copula=-0.6727  joint_y=9.6558  oracle_y=7.8208  oracle_z=-0.7617  train=-0.6364  gain=0.6727  oas=-0.2592  knn5=6.0035  vs_knn5=-6.6762  oracle_frac=0.1040
/srv/storage/thoth1@storage4.grenoble.grid5000.fr/trmartin/copula-intra/src/train.py:206: UserWarning: This figure includes Axes that are not compatible with tight_layout, so results might be incorrect.
  fig.tight_layout()
[2026-06-01 18:18:11,436][root][WARNING] - Images sizes do not match. This will causes images to be display incorrectly in the UI.
[step   9100]  mse=0.01713  div=0.1384  copula=-11.3818  gain=11.3818  alpha=0.991  lr=2.94e-04  elapsed=1276.2s
[step   9200]  mse=0.01632  div=0.1437  copula=-11.0753  gain=11.0753  alpha=0.991  lr=2.94e-04  elapsed=1280.8s
[step   9300]  mse=0.01793  div=0.1658  copula=-11.6847  gain=11.6847  alpha=0.991  lr=2.94e-04  elapsed=1285.5s
[step   9400]  mse=0.01771  div=0.1790  copula=-11.3778  gain=11.3778  alpha=0.991  lr=2.94e-04  elapsed=1290.2s
[step   9500]  mse=0.01717  div=0.1366  copula=-11.5348  gain=11.5348  alpha=0.991  lr=2.94e-04  elapsed=1295.0s
[val step=  9500]  copula=-0.6673  joint_y=9.6611  oracle_y=7.8208  oracle_z=-0.7617  train=-0.6214  gain=0.6673  oas=-0.2592  knn5=6.0035  vs_knn5=-6.6709  oracle_frac=0.1146
/srv/storage/thoth1@storage4.grenoble.grid5000.fr/trmartin/copula-intra/src/train.py:206: UserWarning: This figure includes Axes that are not compatible with tight_layout, so results might be incorrect.
  fig.tight_layout()
[2026-06-01 18:19:03,845][root][WARNING] - Images sizes do not match. This will causes images to be display incorrectly in the UI.
[step   9600]  mse=0.01699  div=0.1368  copula=-11.4249  gain=11.4249  alpha=0.990  lr=2.93e-04  elapsed=1328.2s
[step   9700]  mse=0.01528  div=0.1602  copula=-11.4931  gain=11.4931  alpha=0.990  lr=2.93e-04  elapsed=1332.9s
[step   9800]  mse=0.01477  div=0.1547  copula=-11.4223  gain=11.4223  alpha=0.990  lr=2.93e-04  elapsed=1337.7s
[step   9900]  mse=0.01445  div=0.1576  copula=-11.2532  gain=11.2532  alpha=0.990  lr=2.93e-04  elapsed=1342.4s
[step  10000]  mse=0.01238  div=0.1561  copula=-11.6921  gain=11.6921  alpha=0.990  lr=2.93e-04  elapsed=1347.0s
[val step= 10000]  copula=-0.6787  joint_y=9.6497  oracle_y=7.8208  oracle_z=-0.7617  train=-0.6282  gain=0.6787  oas=-0.2592  knn5=6.0035  vs_knn5=-6.6823  oracle_frac=0.0984
/srv/storage/thoth1@storage4.grenoble.grid5000.fr/trmartin/copula-intra/src/train.py:206: UserWarning: This figure includes Axes that are not compatible with tight_layout, so results might be incorrect.
  fig.tight_layout()
[2026-06-01 18:20:16,102][root][WARNING] - Images sizes do not match. This will causes images to be display incorrectly in the UI.
Saved checkpoint → ./checkpoints/icl_corr_net_v2_hyperplane/step_0010000.pt
[step  10100]  mse=0.01619  div=0.1501  copula=-11.3177  gain=11.3177  alpha=0.990  lr=2.93e-04  elapsed=1401.8s
[step  10200]  mse=0.01757  div=0.1433  copula=-11.3109  gain=11.3109  alpha=0.990  lr=2.93e-04  elapsed=1406.5s
[step  10300]  mse=0.01665  div=0.1607  copula=-11.3977  gain=11.3977  alpha=0.990  lr=2.92e-04  elapsed=1411.4s
[step  10400]  mse=0.01637  div=0.1915  copula=-11.7743  gain=11.7743  alpha=0.990  lr=2.92e-04  elapsed=1416.1s
[step  10500]  mse=0.01726  div=0.1496  copula=-11.6034  gain=11.6034  alpha=0.990  lr=2.92e-04  elapsed=1420.7s
[val step= 10500]  copula=-0.6466  joint_y=9.6818  oracle_y=7.8208  oracle_z=-0.7617  train=-0.6034  gain=0.6466  oas=-0.2592  knn5=6.0035  vs_knn5=-6.6501  oracle_frac=0.1416
/srv/storage/thoth1@storage4.grenoble.grid5000.fr/trmartin/copula-intra/src/train.py:206: UserWarning: This figure includes Axes that are not compatible with tight_layout, so results might be incorrect.
  fig.tight_layout()
[2026-06-01 18:21:30,042][root][WARNING] - Images sizes do not match. This will causes images to be display incorrectly in the UI.
[step  10600]  mse=0.01498  div=0.1605  copula=-11.4203  gain=11.4203  alpha=0.989  lr=2.92e-04  elapsed=1474.9s
[step  10700]  mse=0.01611  div=0.1540  copula=-11.6131  gain=11.6131  alpha=0.989  lr=2.92e-04  elapsed=1479.7s
[step  10800]  mse=0.01680  div=0.1209  copula=-11.0598  gain=11.0598  alpha=0.989  lr=2.92e-04  elapsed=1484.6s
[step  10900]  mse=0.01581  div=0.1439  copula=-11.0496  gain=11.0496  alpha=0.989  lr=2.92e-04  elapsed=1489.4s
[step  11000]  mse=0.01405  div=0.1562  copula=-11.3559  gain=11.3559  alpha=0.989  lr=2.91e-04  elapsed=1494.4s
[val step= 11000]  copula=-0.6608  joint_y=9.6676  oracle_y=7.8208  oracle_z=-0.7617  train=-0.6167  gain=0.6608  oas=-0.2592  knn5=6.0035  vs_knn5=-6.6644  oracle_frac=0.1213
/srv/storage/thoth1@storage4.grenoble.grid5000.fr/trmartin/copula-intra/src/train.py:206: UserWarning: This figure includes Axes that are not compatible with tight_layout, so results might be incorrect.
  fig.tight_layout()
[2026-06-01 18:22:44,646][root][WARNING] - Images sizes do not match. This will causes images to be display incorrectly in the UI.
[step  11100]  mse=0.01725  div=0.1388  copula=-11.3559  gain=11.3559  alpha=0.989  lr=2.91e-04  elapsed=1549.7s
[step  11200]  mse=0.01648  div=0.1462  copula=-11.3467  gain=11.3467  alpha=0.989  lr=2.91e-04  elapsed=1554.6s
[step  11300]  mse=0.01479  div=0.1615  copula=-11.2756  gain=11.2756  alpha=0.989  lr=2.91e-04  elapsed=1559.5s
[step  11400]  mse=0.01611  div=0.1849  copula=-11.1878  gain=11.1878  alpha=0.989  lr=2.91e-04  elapsed=1564.1s
[step  11500]  mse=0.01828  div=0.1466  copula=-11.3583  gain=11.3583  alpha=0.989  lr=2.91e-04  elapsed=1568.7s
[val step= 11500]  copula=-0.6750  joint_y=9.6534  oracle_y=7.8208  oracle_z=-0.7617  train=-0.6319  gain=0.6750  oas=-0.2592  knn5=6.0035  vs_knn5=-6.6786  oracle_frac=0.1021
/srv/storage/thoth1@storage4.grenoble.grid5000.fr/trmartin/copula-intra/src/train.py:206: UserWarning: This figure includes Axes that are not compatible with tight_layout, so results might be incorrect.
  fig.tight_layout()
[2026-06-01 18:23:36,063][root][WARNING] - Images sizes do not match. This will causes images to be display incorrectly in the UI.
[step  11600]  mse=0.01780  div=0.1368  copula=-11.6136  gain=11.6136  alpha=0.988  lr=2.90e-04  elapsed=1600.1s
[step  11700]  mse=0.01773  div=0.1556  copula=-11.2679  gain=11.2679  alpha=0.988  lr=2.90e-04  elapsed=1604.3s
[step  11800]  mse=0.01773  div=0.1340  copula=-11.5757  gain=11.5757  alpha=0.988  lr=2.90e-04  elapsed=1609.2s
[step  11900]  mse=0.01509  div=0.1381  copula=-11.4689  gain=11.4689  alpha=0.988  lr=2.90e-04  elapsed=1614.0s
[step  12000]  mse=0.01497  div=0.1326  copula=-11.4593  gain=11.4593  alpha=0.988  lr=2.90e-04  elapsed=1618.8s
[val step= 12000]  copula=-0.6598  joint_y=9.6687  oracle_y=7.8208  oracle_z=-0.7617  train=-0.6228  gain=0.6598  oas=-0.2592  knn5=6.0035  vs_knn5=-6.6633  oracle_frac=0.1256
/srv/storage/thoth1@storage4.grenoble.grid5000.fr/trmartin/copula-intra/src/train.py:206: UserWarning: This figure includes Axes that are not compatible with tight_layout, so results might be incorrect.
  fig.tight_layout()
[2026-06-01 18:24:49,119][root][WARNING] - Images sizes do not match. This will causes images to be display incorrectly in the UI.
[step  12100]  mse=0.01557  div=0.1504  copula=-11.5464  gain=11.5464  alpha=0.988  lr=2.90e-04  elapsed=1674.2s
[step  12200]  mse=0.01430  div=0.1624  copula=-11.2949  gain=11.2949  alpha=0.988  lr=2.89e-04  elapsed=1678.9s
[step  12300]  mse=0.01539  div=0.1635  copula=-11.8022  gain=11.8022  alpha=0.988  lr=2.89e-04  elapsed=1683.8s
[step  12400]  mse=0.01588  div=0.1794  copula=-11.2710  gain=11.2710  alpha=0.988  lr=2.89e-04  elapsed=1688.7s
[step  12500]  mse=0.01673  div=0.1407  copula=-11.0888  gain=11.0888  alpha=0.988  lr=2.89e-04  elapsed=1693.4s
[val step= 12500]  copula=-0.6490  joint_y=9.6794  oracle_y=7.8208  oracle_z=-0.7617  train=-0.6034  gain=0.6490  oas=-0.2592  knn5=6.0035  vs_knn5=-6.6526  oracle_frac=0.1369
/srv/storage/thoth1@storage4.grenoble.grid5000.fr/trmartin/copula-intra/src/train.py:206: UserWarning: This figure includes Axes that are not compatible with tight_layout, so results might be incorrect.
  fig.tight_layout()
